
> build
> next build

  ▲ Next.js 14.2.33
  - Environments: .env.local
  - Experiments (use with caution):
    · optimizeCss

   Skipping validation of types
   Skipping linting
   Creating an optimized production build ...
 ✓ Compiled successfully
   Collecting page data ...
   Generating static pages (0/6) ...

Error occurred prerendering page "/500". Read more: https://nextjs.org/docs/messages/prerender-error

Error: Cannot find module 'critters'
Require stack:
- C:\Users\SSaint-Cyr\Documents\GitHub\PaiiD\frontend\node_modules\next\dist\compiled\next-server\pages.runtime.prod.js
- C:\Users\SSaint-Cyr\Documents\GitHub\PaiiD\frontend\.next\server\pages\_document.js
- C:\Users\SSaint-Cyr\Documents\GitHub\PaiiD\frontend\node_modules\next\dist\server\require.js
- C:\Users\SSaint-Cyr\Documents\GitHub\PaiiD\frontend\node_modules\next\dist\server\load-components.js
- C:\Users\SSaint-Cyr\Documents\GitHub\PaiiD\frontend\node_modules\next\dist\build\utils.js
- C:\Users\SSaint-Cyr\Documents\GitHub\PaiiD\frontend\node_modules\next\dist\build\worker.js
- C:\Users\SSaint-Cyr\Documents\GitHub\PaiiD\frontend\node_modules\next\dist\compiled\jest-worker\processChild.js
    at Function.<anonymous> (node:internal/modules/cjs/loader:1383:15)
    at C:\Users\SSaint-Cyr\Documents\GitHub\PaiiD\frontend\node_modules\next\dist\server\require-hook.js:55:36
    at defaultResolveImpl (node:internal/modules/cjs/loader:1025:19)
    at resolveForCJSWithHooks (node:internal/modules/cjs/loader:1030:22)
    at Function._load (node:internal/modules/cjs/loader:1192:37)
    at TracingChannel.traceSync (node:diagnostics_channel:322:14)
    at wrapModuleLoad (node:internal/modules/cjs/loader:237:24)
    at Module.<anonymous> (node:internal/modules/cjs/loader:1463:12)
    at mod.require (C:\Users\SSaint-Cyr\Documents\GitHub\PaiiD\frontend\node_modules\next\dist\server\require-hook.js:65:28)
    at require (node:internal/modules/helpers:147:16)
   Generating static pages (1/6) 

Error occurred prerendering page "/404". Read more: https://nextjs.org/docs/messages/prerender-error

Error: Cannot find module 'critters'
Require stack:
- C:\Users\SSaint-Cyr\Documents\GitHub\PaiiD\frontend\node_modules\next\dist\compiled\next-server\pages.runtime.prod.js
- C:\Users\SSaint-Cyr\Documents\GitHub\PaiiD\frontend\.next\server\pages\_document.js
- C:\Users\SSaint-Cyr\Documents\GitHub\PaiiD\frontend\node_modules\next\dist\server\require.js
- C:\Users\SSaint-Cyr\Documents\GitHub\PaiiD\frontend\node_modules\next\dist\server\load-components.js
- C:\Users\SSaint-Cyr\Documents\GitHub\PaiiD\frontend\node_modules\next\dist\build\utils.js
- C:\Users\SSaint-Cyr\Documents\GitHub\PaiiD\frontend\node_modules\next\dist\build\worker.js
- C:\Users\SSaint-Cyr\Documents\GitHub\PaiiD\frontend\node_modules\next\dist\compiled\jest-worker\processChild.js
    at Function.<anonymous> (node:internal/modules/cjs/loader:1383:15)
    at C:\Users\SSaint-Cyr\Documents\GitHub\PaiiD\frontend\node_modules\next\dist\server\require-hook.js:55:36
    at defaultResolveImpl (node:internal/modules/cjs/loader:1025:19)
    at resolveForCJSWithHooks (node:internal/modules/cjs/loader:1030:22)
    at Function._load (node:internal/modules/cjs/loader:1192:37)
    at TracingChannel.traceSync (node:diagnostics_channel:322:14)
    at wrapModuleLoad (node:internal/modules/cjs/loader:237:24)
    at Module.<anonymous> (node:internal/modules/cjs/loader:1463:12)
    at mod.require (C:\Users\SSaint-Cyr\Documents\GitHub\PaiiD\frontend\node_modules\next\dist\server\require-hook.js:65:28)
    at require (node:internal/modules/helpers:147:16)
   Generating static pages (2/6) 

Error occurred prerendering page "/progress". Read more: https://nextjs.org/docs/messages/prerender-error

Error: Cannot find module 'critters'
Require stack:
- C:\Users\SSaint-Cyr\Documents\GitHub\PaiiD\frontend\node_modules\next\dist\compiled\next-server\pages.runtime.prod.js
- C:\Users\SSaint-Cyr\Documents\GitHub\PaiiD\frontend\.next\server\pages\_document.js
- C:\Users\SSaint-Cyr\Documents\GitHub\PaiiD\frontend\node_modules\next\dist\server\require.js
- C:\Users\SSaint-Cyr\Documents\GitHub\PaiiD\frontend\node_modules\next\dist\server\load-components.js
- C:\Users\SSaint-Cyr\Documents\GitHub\PaiiD\frontend\node_modules\next\dist\build\utils.js
- C:\Users\SSaint-Cyr\Documents\GitHub\PaiiD\frontend\node_modules\next\dist\build\worker.js
- C:\Users\SSaint-Cyr\Documents\GitHub\PaiiD\frontend\node_modules\next\dist\compiled\jest-worker\processChild.js
    at Function.<anonymous> (node:internal/modules/cjs/loader:1383:15)
    at C:\Users\SSaint-Cyr\Documents\GitHub\PaiiD\frontend\node_modules\next\dist\server\require-hook.js:55:36
    at defaultResolveImpl (node:internal/modules/cjs/loader:1025:19)
    at resolveForCJSWithHooks (node:internal/modules/cjs/loader:1030:22)
    at Function._load (node:internal/modules/cjs/loader:1192:37)
    at TracingChannel.traceSync (node:diagnostics_channel:322:14)
    at wrapModuleLoad (node:internal/modules/cjs/loader:237:24)
    at Module.<anonymous> (node:internal/modules/cjs/loader:1463:12)
    at mod.require (C:\Users\SSaint-Cyr\Documents\GitHub\PaiiD\frontend\node_modules\next\dist\server\require-hook.js:65:28)
    at require (node:internal/modules/helpers:147:16)

Error occurred prerendering page "/my-account". Read more: https://nextjs.org/docs/messages/prerender-error

Error: Cannot find module 'critters'
Require stack:
- C:\Users\SSaint-Cyr\Documents\GitHub\PaiiD\frontend\node_modules\next\dist\compiled\next-server\pages.runtime.prod.js
- C:\Users\SSaint-Cyr\Documents\GitHub\PaiiD\frontend\.next\server\pages\_document.js
- C:\Users\SSaint-Cyr\Documents\GitHub\PaiiD\frontend\node_modules\next\dist\server\require.js
- C:\Users\SSaint-Cyr\Documents\GitHub\PaiiD\frontend\node_modules\next\dist\server\load-components.js
- C:\Users\SSaint-Cyr\Documents\GitHub\PaiiD\frontend\node_modules\next\dist\build\utils.js
- C:\Users\SSaint-Cyr\Documents\GitHub\PaiiD\frontend\node_modules\next\dist\build\worker.js
- C:\Users\SSaint-Cyr\Documents\GitHub\PaiiD\frontend\node_modules\next\dist\compiled\jest-worker\processChild.js
    at Function.<anonymous> (node:internal/modules/cjs/loader:1383:15)
    at C:\Users\SSaint-Cyr\Documents\GitHub\PaiiD\frontend\node_modules\next\dist\server\require-hook.js:55:36
    at defaultResolveImpl (node:internal/modules/cjs/loader:1025:19)
    at resolveForCJSWithHooks (node:internal/modules/cjs/loader:1030:22)
    at Function._load (node:internal/modules/cjs/loader:1192:37)
    at TracingChannel.traceSync (node:diagnostics_channel:322:14)
    at wrapModuleLoad (node:internal/modules/cjs/loader:237:24)
    at Module.<anonymous> (node:internal/modules/cjs/loader:1463:12)
    at mod.require (C:\Users\SSaint-Cyr\Documents\GitHub\PaiiD\frontend\node_modules\next\dist\server\require-hook.js:65:28)
    at require (node:internal/modules/helpers:147:16)
   Generating static pages (4/6) 

Error occurred prerendering page "/enhanced-index". Read more: https://nextjs.org/docs/messages/prerender-error

Error: Cannot find module 'critters'
Require stack:
- C:\Users\SSaint-Cyr\Documents\GitHub\PaiiD\frontend\node_modules\next\dist\compiled\next-server\pages.runtime.prod.js
- C:\Users\SSaint-Cyr\Documents\GitHub\PaiiD\frontend\.next\server\pages\_document.js
- C:\Users\SSaint-Cyr\Documents\GitHub\PaiiD\frontend\node_modules\next\dist\server\require.js
- C:\Users\SSaint-Cyr\Documents\GitHub\PaiiD\frontend\node_modules\next\dist\server\load-components.js
- C:\Users\SSaint-Cyr\Documents\GitHub\PaiiD\frontend\node_modules\next\dist\build\utils.js
- C:\Users\SSaint-Cyr\Documents\GitHub\PaiiD\frontend\node_modules\next\dist\build\worker.js
- C:\Users\SSaint-Cyr\Documents\GitHub\PaiiD\frontend\node_modules\next\dist\compiled\jest-worker\processChild.js
    at Function.<anonymous> (node:internal/modules/cjs/loader:1383:15)
    at C:\Users\SSaint-Cyr\Documents\GitHub\PaiiD\frontend\node_modules\next\dist\server\require-hook.js:55:36
    at defaultResolveImpl (node:internal/modules/cjs/loader:1025:19)
    at resolveForCJSWithHooks (node:internal/modules/cjs/loader:1030:22)
    at Function._load (node:internal/modules/cjs/loader:1192:37)
    at TracingChannel.traceSync (node:diagnostics_channel:322:14)
    at wrapModuleLoad (node:internal/modules/cjs/loader:237:24)
    at Module.<anonymous> (node:internal/modules/cjs/loader:1463:12)
    at mod.require (C:\Users\SSaint-Cyr\Documents\GitHub\PaiiD\frontend\node_modules\next\dist\server\require-hook.js:65:28)
    at require (node:internal/modules/helpers:147:16)

Error occurred prerendering page "/". Read more: https://nextjs.org/docs/messages/prerender-error

Error: Cannot find module 'critters'
Require stack:
- C:\Users\SSaint-Cyr\Documents\GitHub\PaiiD\frontend\node_modules\next\dist\compiled\next-server\pages.runtime.prod.js
- C:\Users\SSaint-Cyr\Documents\GitHub\PaiiD\frontend\.next\server\pages\_document.js
- C:\Users\SSaint-Cyr\Documents\GitHub\PaiiD\frontend\node_modules\next\dist\server\require.js
- C:\Users\SSaint-Cyr\Documents\GitHub\PaiiD\frontend\node_modules\next\dist\server\load-components.js
- C:\Users\SSaint-Cyr\Documents\GitHub\PaiiD\frontend\node_modules\next\dist\build\utils.js
- C:\Users\SSaint-Cyr\Documents\GitHub\PaiiD\frontend\node_modules\next\dist\build\worker.js
- C:\Users\SSaint-Cyr\Documents\GitHub\PaiiD\frontend\node_modules\next\dist\compiled\jest-worker\processChild.js
    at Function.<anonymous> (node:internal/modules/cjs/loader:1383:15)
    at C:\Users\SSaint-Cyr\Documents\GitHub\PaiiD\frontend\node_modules\next\dist\server\require-hook.js:55:36
    at defaultResolveImpl (node:internal/modules/cjs/loader:1025:19)
    at resolveForCJSWithHooks (node:internal/modules/cjs/loader:1030:22)
    at Function._load (node:internal/modules/cjs/loader:1192:37)
    at TracingChannel.traceSync (node:diagnostics_channel:322:14)
    at wrapModuleLoad (node:internal/modules/cjs/loader:237:24)
    at Module.<anonymous> (node:internal/modules/cjs/loader:1463:12)
    at mod.require (C:\Users\SSaint-Cyr\Documents\GitHub\PaiiD\frontend\node_modules\next\dist\server\require-hook.js:65:28)
    at require (node:internal/modules/helpers:147:16)
 ✓ Generating static pages (6/6)

> Export encountered errors on following paths:
	/
	/_error: /404
	/_error: /500
	/enhanced-index
	/my-account
	/progress
